
> hostel-mate-2@1.0.0 build
> next build

   Γû▓ Next.js 15.5.12
   - Environments: .env.local

   Creating an optimized production build ...
 Γ£ô Compiled successfully in 3.8s
   Skipping linting
   Checking validity of types ...
   Collecting page data ...
   Generating static pages (0/4) ...
   Generating static pages (1/4) 
   Generating static pages (2/4) 
   Generating static pages (3/4) 
 Γ£ô Generating static pages (4/4)
   Finalizing page optimization ...
   Collecting build traces ...

Route (app)                                 Size  First Load JS
Γöî Γùï /                                     115 kB         217 kB
Γö£ Γùï /_not-found                            996 B         103 kB
Γö£ ╞Æ /api/leaderboard                       137 B         102 kB
Γö£ ╞Æ /api/messages/[tripId]                 137 B         102 kB
Γö£ ╞Æ /api/orders                            137 B         102 kB
Γö£ ╞Æ /api/profile                           137 B         102 kB
Γö£ ╞Æ /api/trips                             137 B         102 kB
Γöö ╞Æ /api/trips/[id]                        137 B         102 kB
+ First Load JS shared by all             102 kB
  Γö£ chunks/255-a41b0d888672637a.js       45.8 kB
  Γö£ chunks/4bd1b696-21f374d1156f834a.js  54.2 kB
  Γöö other shared chunks (total)          1.99 kB


Γùï  (Static)   prerendered as static content
╞Æ  (Dynamic)  server-rendered on demand

